RAM Allocation [bytes]
Variable                                                                          Address   Size
------------------------------------------------------------------------------------------------

EEPROM Allocation [bytes]
Variable                                                                          Address   Size
------------------------------------------------------------------------------------------------

Register Allocation
Variable                                                                          Register  Size
------------------------------------------------------------------------------------------------
adc                                                                               R5           1
calculo                                                                           R4           1
Unidades                                                                          R7           1
Decimas                                                                           R6           1

FLASH Allocation [words]
Function                                                                          Address   Size
------------------------------------------------------------------------------------------------
read_adc                                                                          0x00034     15
main                                                                              0x00043     87
