RAM Allocation [bytes]
Variable                                                                          Address   Size
------------------------------------------------------------------------------------------------

EEPROM Allocation [bytes]
Variable                                                                          Address   Size
------------------------------------------------------------------------------------------------
datoaguardar                                                                      0x0000       1

Register Allocation
Variable                                                                          Register  Size
------------------------------------------------------------------------------------------------
botonp                                                                            R2.0      1bit
botona                                                                            R2.1      1bit
var                                                                               R5           1

FLASH Allocation [words]
Function                                                                          Address   Size
------------------------------------------------------------------------------------------------
main                                                                              0x0004B     66
checa_boton                                                                       0x0008D     28
